Archive member included to satisfy reference by file (symbol)

C:/ST/STM32CubeIDE_1.0.2/STM32CubeIDE/plugins/com.st.stm32cube.ide.mcu.externaltools.gnu-tools-for-stm32.12.3.rel1.win32_1.0.200.202406191623/tools/bin/../lib/gcc/arm-none-eabi/12.3.1/../../../../arm-none-eabi/lib/thumb/v7e-m+fp/hard\libc_nano.a(libc_a-exit.o)
                              C:/ST/STM32CubeIDE_1.0.2/STM32CubeIDE/plugins/com.st.stm32cube.ide.mcu.externaltools.gnu-tools-for-stm32.12.3.rel1.win32_1.0.200.202406191623/tools/bin/../lib/gcc/arm-none-eabi/12.3.1/../../../../arm-none-eabi/lib/thumb/v7e-m+fp/hard/crt0.o (exit)
C:/ST/STM32CubeIDE_1.0.2/STM32CubeIDE/plugins/com.st.stm32cube.ide.mcu.externaltools.gnu-tools-for-stm32.12.3.rel1.win32_1.0.200.202406191623/tools/bin/../lib/gcc/arm-none-eabi/12.3.1/../../../../arm-none-eabi/lib/thumb/v7e-m+fp/hard\libc_nano.a(libc_a-findfp.o)
                              C:/ST/STM32CubeIDE_1.0.2/STM32CubeIDE/plugins/com.st.stm32cube.ide.mcu.externaltools.gnu-tools-for-stm32.12.3.rel1.win32_1.0.200.202406191623/tools/bin/../lib/gcc/arm-none-eabi/12.3.1/../../../../arm-none-eabi/lib/thumb/v7e-m+fp/hard\libc_nano.a(libc_a-exit.o) (__stdio_exit_handler)
C:/ST/STM32CubeIDE_1.0.2/STM32CubeIDE/plugins/com.st.stm32cube.ide.mcu.externaltools.gnu-tools-for-stm32.12.3.rel1.win32_1.0.200.202406191623/tools/bin/../lib/gcc/arm-none-eabi/12.3.1/../../../../arm-none-eabi/lib/thumb/v7e-m+fp/hard\libc_nano.a(libc_a-fwalk.o)
                              C:/ST/STM32CubeIDE_1.0.2/STM32CubeIDE/plugins/com.st.stm32cube.ide.mcu.externaltools.gnu-tools-for-stm32.12.3.rel1.win32_1.0.200.202406191623/tools/bin/../lib/gcc/arm-none-eabi/12.3.1/../../../../arm-none-eabi/lib/thumb/v7e-m+fp/hard\libc_nano.a(libc_a-findfp.o) (_fwalk_sglue)
C:/ST/STM32CubeIDE_1.0.2/STM32CubeIDE/plugins/com.st.stm32cube.ide.mcu.externaltools.gnu-tools-for-stm32.12.3.rel1.win32_1.0.200.202406191623/tools/bin/../lib/gcc/arm-none-eabi/12.3.1/../../../../arm-none-eabi/lib/thumb/v7e-m+fp/hard\libc_nano.a(libc_a-snprintf.o)
                              ./Src/ssd1306_tests.o (snprintf)
C:/ST/STM32CubeIDE_1.0.2/STM32CubeIDE/plugins/com.st.stm32cube.ide.mcu.externaltools.gnu-tools-for-stm32.12.3.rel1.win32_1.0.200.202406191623/tools/bin/../lib/gcc/arm-none-eabi/12.3.1/../../../../arm-none-eabi/lib/thumb/v7e-m+fp/hard\libc_nano.a(libc_a-stdio.o)
                              C:/ST/STM32CubeIDE_1.0.2/STM32CubeIDE/plugins/com.st.stm32cube.ide.mcu.externaltools.gnu-tools-for-stm32.12.3.rel1.win32_1.0.200.202406191623/tools/bin/../lib/gcc/arm-none-eabi/12.3.1/../../../../arm-none-eabi/lib/thumb/v7e-m+fp/hard\libc_nano.a(libc_a-findfp.o) (__sread)
C:/ST/STM32CubeIDE_1.0.2/STM32CubeIDE/plugins/com.st.stm32cube.ide.mcu.externaltools.gnu-tools-for-stm32.12.3.rel1.win32_1.0.200.202406191623/tools/bin/../lib/gcc/arm-none-eabi/12.3.1/../../../../arm-none-eabi/lib/thumb/v7e-m+fp/hard\libc_nano.a(libc_a-memmove.o)
                              ./Src/ssd1306_tests.o (memmove)
C:/ST/STM32CubeIDE_1.0.2/STM32CubeIDE/plugins/com.st.stm32cube.ide.mcu.externaltools.gnu-tools-for-stm32.12.3.rel1.win32_1.0.200.202406191623/tools/bin/../lib/gcc/arm-none-eabi/12.3.1/../../../../arm-none-eabi/lib/thumb/v7e-m+fp/hard\libc_nano.a(libc_a-memset.o)
                              C:/ST/STM32CubeIDE_1.0.2/STM32CubeIDE/plugins/com.st.stm32cube.ide.mcu.externaltools.gnu-tools-for-stm32.12.3.rel1.win32_1.0.200.202406191623/tools/bin/../lib/gcc/arm-none-eabi/12.3.1/../../../../arm-none-eabi/lib/thumb/v7e-m+fp/hard/crt0.o (memset)
C:/ST/STM32CubeIDE_1.0.2/STM32CubeIDE/plugins/com.st.stm32cube.ide.mcu.externaltools.gnu-tools-for-stm32.12.3.rel1.win32_1.0.200.202406191623/tools/bin/../lib/gcc/arm-none-eabi/12.3.1/../../../../arm-none-eabi/lib/thumb/v7e-m+fp/hard\libc_nano.a(libc_a-closer.o)
                              C:/ST/STM32CubeIDE_1.0.2/STM32CubeIDE/plugins/com.st.stm32cube.ide.mcu.externaltools.gnu-tools-for-stm32.12.3.rel1.win32_1.0.200.202406191623/tools/bin/../lib/gcc/arm-none-eabi/12.3.1/../../../../arm-none-eabi/lib/thumb/v7e-m+fp/hard\libc_nano.a(libc_a-stdio.o) (_close_r)
C:/ST/STM32CubeIDE_1.0.2/STM32CubeIDE/plugins/com.st.stm32cube.ide.mcu.externaltools.gnu-tools-for-stm32.12.3.rel1.win32_1.0.200.202406191623/tools/bin/../lib/gcc/arm-none-eabi/12.3.1/../../../../arm-none-eabi/lib/thumb/v7e-m+fp/hard\libc_nano.a(libc_a-reent.o)
                              C:/ST/STM32CubeIDE_1.0.2/STM32CubeIDE/plugins/com.st.stm32cube.ide.mcu.externaltools.gnu-tools-for-stm32.12.3.rel1.win32_1.0.200.202406191623/tools/bin/../lib/gcc/arm-none-eabi/12.3.1/../../../../arm-none-eabi/lib/thumb/v7e-m+fp/hard\libc_nano.a(libc_a-closer.o) (errno)
C:/ST/STM32CubeIDE_1.0.2/STM32CubeIDE/plugins/com.st.stm32cube.ide.mcu.externaltools.gnu-tools-for-stm32.12.3.rel1.win32_1.0.200.202406191623/tools/bin/../lib/gcc/arm-none-eabi/12.3.1/../../../../arm-none-eabi/lib/thumb/v7e-m+fp/hard\libc_nano.a(libc_a-impure.o)
[...]
Memory Configuration

Name             Origin             Length             Attributes
RAM              0x20000000         0x00020000         xrw
FLASH            0x08000000         0x00080000         xr
*default*        0x00000000         0xffffffff

Linker script and memory map

LOAD C:/ST/STM32CubeIDE_1.0.2/STM32CubeIDE/plugins/com.st.stm32cube.ide.mcu.externaltools.gnu-tools-for-stm32.12.3.rel1.win32_1.0.200.202406191623/tools/bin/../lib/gcc/arm-none-eabi/12.3.1/thumb/v7e-m+fp/hard/crti.o
LOAD C:/ST/STM32CubeIDE_1.0.2/STM32CubeIDE/plugins/com.st.stm32cube.ide.mcu.externaltools.gnu-tools-for-stm32.12.3.rel1.win32_1.0.200.202406191623/tools/bin/../lib/gcc/arm-none-eabi/12.3.1/thumb/v7e-m+fp/hard/crtbegin.o
LOAD C:/ST/STM32CubeIDE_1.0.2/STM32CubeIDE/plugins/com.st.stm32cube.ide.mcu.externaltools.gnu-tools-for-stm32.12.3.rel1.win32_1.0.200.202406191623/tools/bin/../lib/gcc/arm-none-eabi/12.3.1/../../../../arm-none-eabi/lib/thumb/v7e-m+fp/hard/crt0.o
LOAD ./Drivers/STM32F4xx_HAL_Driver/Src/stm32f4xx_hal.o
LOAD ./Drivers/STM32F4xx_HAL_Driver/Src/stm32f4xx_hal_cortex.o
LOAD ./Drivers/STM32F4xx_HAL_Driver/Src/stm32f4xx_hal_dma.o
LOAD ./Drivers/STM32F4xx_HAL_Driver/Src/stm32f4xx_hal_dma_ex.o
LOAD ./Drivers/STM32F4xx_HAL_Driver/Src/stm32f4xx_hal_exti.o
LOAD ./Drivers/STM32F4xx_HAL_Driver/Src/stm32f4xx_hal_flash.o
LOAD ./Drivers/STM32F4xx_HAL_Driver/Src/stm32f4xx_hal_flash_ex.o
LOAD ./Drivers/STM32F4xx_HAL_Driver/Src/stm32f4xx_hal_flash_ramfunc.o
LOAD ./Drivers/STM32F4xx_HAL_Driver/Src/stm32f4xx_hal_gpio.o
LOAD ./Drivers/STM32F4xx_HAL_Driver/Src/stm32f4xx_hal_i2c.o
LOAD ./Drivers/STM32F4xx_HAL_Driver/Src/stm32f4xx_hal_i2c_ex.o
LOAD ./Drivers/STM32F4xx_HAL_Driver/Src/stm32f4xx_hal_pwr.o
LOAD ./Drivers/STM32F4xx_HAL_Driver/Src/stm32f4xx_hal_pwr_ex.o
LOAD ./Drivers/STM32F4xx_HAL_Driver/Src/stm32f4xx_hal_rcc.o
LOAD ./Drivers/STM32F4xx_HAL_Driver/Src/stm32f4xx_hal_rcc_ex.o
LOAD ./Drivers/STM32F4xx_HAL_Driver/Src/stm32f4xx_hal_tim.o
LOAD ./Drivers/STM32F4xx_HAL_Driver/Src/stm32f4xx_hal_tim_ex.o
LOAD ./Drivers/STM32F4xx_HAL_Driver/Src/stm32f4xx_hal_uart.o
LOAD ./Src/gpio.o
LOAD ./Src/i2c.o
LOAD ./Src/main.o
LOAD ./Src/ssd1306.o
LOAD ./Src/ssd1306_fonts.o
LOAD ./Src/ssd1306_tests.o
LOAD ./Src/stm32f4xx_hal_msp.o
LOAD ./Src/stm32f4xx_it.o
LOAD ./Src/syscalls.o
LOAD ./Src/system_stm32f4xx.o
LOAD ./Src/tim.o
LOAD ./Src/usart.o
LOAD ./Startup/startup_stm32f411retx.o
START GROUP
LOAD C:/ST/STM32CubeIDE_1.0.2/STM32CubeIDE/plugins/com.st.stm32cube.ide.mcu.externaltools.gnu-tools-for-stm32.12.3.rel1.win32_1.0.200.202406191623/tools/bin/../lib/gcc/arm-none-eabi/12.3.1/../../../../arm-none-eabi/lib/thumb/v7e-m+fp/hard\libc_nano.a
LOAD C:/ST/STM32CubeIDE_1.0.2/STM32CubeIDE/plugins/com.st.stm32cube.ide.mcu.externaltools.gnu-tools-for-stm32.12.3.rel1.win32_1.0.200.202406191623/tools/bin/../lib/gcc/arm-none-eabi/12.3.1/../../../../arm-none-eabi/lib/thumb/v7e-m+fp/hard\libm.a
END GROUP
START GROUP
LOAD C:/ST/STM32CubeIDE_1.0.2/STM32CubeIDE/plugins/com.st.stm32cube.ide.mcu.externaltools.gnu-tools-for-stm32.12.3.rel1.win32_1.0.200.202406191623/tools/bin/../lib/gcc/arm-none-eabi/12.3.1/thumb/v7e-m+fp/hard\libgcc.a
LOAD C:/ST/STM32CubeIDE_1.0.2/STM32CubeIDE/plugins/com.st.stm32cube.ide.mcu.externaltools.gnu-tools-for-stm32.12.3.rel1.win32_1.0.200.202406191623/tools/bin/../lib/gcc/arm-none-eabi/12.3.1/../../../../arm-none-eabi/lib/thumb/v7e-m+fp/hard\libc_nano.a
END GROUP
START GROUP
LOAD C:/ST/STM32CubeIDE_1.0.2/STM32CubeIDE/plugins/com.st.stm32cube.ide.mcu.externaltools.gnu-tools-for-stm32.12.3.rel1.win32_1.0.200.202406191623/tools/bin/../lib/gcc/arm-none-eabi/12.3.1/thumb/v7e-m+fp/hard\libgcc.a
LOAD C:/ST/STM32CubeIDE_1.0.2/STM32CubeIDE/plugins/com.st.stm32cube.ide.mcu.externaltools.gnu-tools-for-stm32.12.3.rel1.win32_1.0.200.202406191623/tools/bin/../lib/gcc/arm-none-eabi/12.3.1/../../../../arm-none-eabi/lib/thumb/v7e-m+fp/hard\libc_nano.a
LOAD C:/ST/STM32CubeIDE_1.0.2/STM32CubeIDE/plugins/com.st.stm32cube.ide.mcu.externaltools.gnu-tools-for-stm32.12.3.rel1.win32_1.0.200.202406191623/tools/bin/../lib/gcc/arm-none-eabi/12.3.1/../../../../arm-none-eabi/lib/thumb/v7e-m+fp/hard\libnosys.a
END GROUP
START GROUP
LOAD C:/ST/STM32CubeIDE_1.0.2/STM32CubeIDE/plugins/com.st.stm32cube.ide.mcu.externaltools.gnu-tools-for-stm32.12.3.rel1.win32_1.0.200.202406191623/tools/bin/../lib/gcc/arm-none-eabi/12.3.1/thumb/v7e-m+fp/hard\libgcc.a
LOAD C:/ST/STM32CubeIDE_1.0.2/STM32CubeIDE/plugins/com.st.stm32cube.ide.mcu.externaltools.gnu-tools-for-stm32.12.3.rel1.win32_1.0.200.202406191623/tools/bin/../lib/gcc/arm-none-eabi/12.3.1/../../../../arm-none-eabi/lib/thumb/v7e-m+fp/hard\libc_nano.a
LOAD C:/ST/STM32CubeIDE_1.0.2/STM32CubeIDE/plugins/com.st.stm32cube.ide.mcu.externaltools.gnu-tools-for-stm32.12.3.rel1.win32_1.0.200.202406191623/tools/bin/../lib/gcc/arm-none-eabi/12.3.1/../../../../arm-none-eabi/lib/thumb/v7e-m+fp/hard\libnosys.a
END GROUP
LOAD C:/ST/STM32CubeIDE_1.0.2/STM32CubeIDE/plugins/com.st.stm32cube.ide.mcu.externaltools.gnu-tools-for-stm32.12.3.rel1.win32_1.0.200.202406191623/tools/bin/../lib/gcc/arm-none-eabi/12.3.1/thumb/v7e-m+fp/hard/crtend.o
LOAD C:/ST/STM32CubeIDE_1.0.2/STM32CubeIDE/plugins/com.st.stm32cube.ide.mcu.externaltools.gnu-tools-for-stm32.12.3.rel1.win32_1.0.200.202406191623/tools/bin/../lib/gcc/arm-none-eabi/12.3.1/thumb/v7e-m+fp/hard/crtn.o
                0x20020000                        _estack = 0x20020000
                0x00000200                        _Min_Heap_Size = 0x200
                0x00000400                        _Min_Stack_Size = 0x400

.isr_vector     0x08000000      0x198
                0x08000000                        . = ALIGN (0x4)
 *(.isr_vector)
 .isr_vector    0x08000000      0x198 ./Startup/startup_stm32f411retx.o
                0x08000000                g_pfnVectors
                0x08000198                        . = ALIGN (0x4)

.text           0x08000198     0x44c8
                0x08000198                        . = ALIGN (0x4)
 *(.text)
 .text          0x08000198       0x40 C:/ST/STM32CubeIDE_1.0.2/STM32CubeIDE/plugins/com.st.stm32cube.ide.mcu.externaltools.gnu-tools-for-stm32.12.3.rel1.win32_1.0.200.202406191623/tools/bin/../lib/gcc/arm-none-eabi/12.3.1/thumb/v7e-m+fp/hard/crtbegin.o
 .text          0x080001d8       0x14 C:/ST/STM32CubeIDE_1.0.2/STM32CubeIDE/plugins/com.st.stm32cube.ide.mcu.externaltools.gnu-tools-for-stm32.12.3.rel1.win32_1.0.200.202406191623/tools/bin/../lib/gcc/arm-none-eabi/12.3.1/../../../../arm-none-eabi/lib/thumb/v7e-m+fp/hard\libc_nano.a(libc_a-strcmp.o)
                0x080001d8                strcmp
 .text          0x080001ec       0x10 C:/ST/STM32CubeIDE_1.0.2/STM32CubeIDE/plugins/com.st.stm32cube.ide.mcu.externaltools.gnu-tools-for-stm32.12.3.rel1.win32_1.0.200.202406191623/tools/bin/../lib/gcc/arm-none-eabi/12.3.1/../../../../arm-none-eabi/lib/thumb/v7e-m+fp/hard\libc_nano.a(libc_a-strlen.o)
                0x080001ec                strlen
 .text          0x080001fc       0x30 C:/ST/STM32CubeIDE_1.0.2/STM32CubeIDE/plugins/com.st.stm32cube.ide.mcu.externaltools.gnu-tools-for-stm32.12.3.rel1.win32_1.0.200.202406191623/tools/bin/../lib/gcc/arm-none-eabi/12.3.1/thumb/v7e-m+fp/hard\libgcc.a(_aeabi_uldivmod.o)
                0x080001fc                __aeabi_uldivmod
 .text          0x0800022c      0x2bc C:/ST/STM32CubeIDE_1.0.2/STM32CubeIDE/plugins/com.st.stm32cube.ide.mcu.externaltools.gnu-tools-for-stm32.12.3.rel1.win32_1.0.200.202406191623/tools/bin/../lib/gcc/arm-none-eabi/12.3.1/thumb/v7e-m+fp/hard\libgcc.a(_udivmoddi4.o)
                0x0800022c                __udivmoddi4
 .text          0x080004e8        0x4 C:/ST/STM32CubeIDE_1.0.2/STM32CubeIDE/plugins/com.st.stm32cube.ide.mcu.externaltools.gnu-tools-for-stm32.12.3.rel1.win32_1.0.200.202406191623/tools/bin/../lib/gcc/arm-none-eabi/12.3.1/thumb/v7e-m+fp/hard\libgcc.a(_dvmd_tls.o)
                0x080004e8                __aeabi_idiv0
                0x080004e8                __aeabi_ldiv0
 *(.text*)
 .text.HAL_Init
                0x080004ec       0x44 ./Drivers/STM32F4xx_HAL_Driver/Src/stm32f4xx_hal.o
                0x080004ec                HAL_Init
 .text.HAL_InitTick
                0x08000530       0x60 ./Drivers/STM32F4xx_HAL_Driver/Src/stm32f4xx_hal.o
                0x08000530                HAL_InitTick
 .text.HAL_IncTick
                0x08000590       0x28 ./Drivers/STM32F4xx_HAL_Driver/Src/stm32f4xx_hal.o
                0x08000590                HAL_IncTick
 .text.HAL_GetTick
                0x080005b8       0x18 ./Drivers/STM32F4xx_HAL_Driver/Src/stm32f4xx_hal.o
                0x080005b8                HAL_GetTick
 .text.HAL_Delay
                0x080005d0       0x48 ./Drivers/STM32F4xx_HAL_Driver/Src/stm32f4xx_hal.o
                0x080005d0                HAL_Delay
 .text.__NVIC_SetPriorityGrouping
                0x08000618       0x48 ./Drivers/STM32F4xx_HAL_Driver/Src/stm32f4xx_hal_cortex.o
 .text.__NVIC_GetPriorityGrouping
                0x08000660       0x1c ./Drivers/STM32F4xx_HAL_Driver/Src/stm32f4xx_hal_cortex.o
 .text.__NVIC_EnableIRQ
                0x0800067c       0x3c ./Drivers/STM32F4xx_HAL_Driver/Src/stm32f4xx_hal_cortex.o
 .text.__NVIC_SetPriority
                0x080006b8       0x54 ./Drivers/STM32F4xx_HAL_Driver/Src/stm32f4xx_hal_cortex.o
 .text.NVIC_EncodePriority
                0x0800070c       0x66 ./Drivers/STM32F4xx_HAL_Driver/Src/stm32f4xx_hal_cortex.o
 *fill*         0x08000772        0x2 
 .text.SysTick_Config
                0x08000774       0x44 ./Drivers/STM32F4xx_HAL_Driver/Src/stm32f4xx_hal_cortex.o
 .text.HAL_NVIC_SetPriorityGrouping
                0x080007b8       0x16 ./Drivers/STM32F4xx_HAL_Driver/Src/stm32f4xx_hal_cortex.o
                0x080007b8                HAL_NVIC_SetPriorityGrouping
 .text.HAL_NVIC_SetPriority
                0x080007ce       0x38 ./Drivers/STM32F4xx_HAL_Driver/Src/stm32f4xx_hal_cortex.o
                0x080007ce                HAL_NVIC_SetPriority
 .text.HAL_NVIC_EnableIRQ
                0x08000806       0x1c ./Drivers/STM32F4xx_HAL_Driver/Src/stm32f4xx_hal_cortex.o
                0x08000806                HAL_NVIC_EnableIRQ
 .text.HAL_SYSTICK_Config
                0x08000822       0x18 ./Drivers/STM32F4xx_HAL_Driver/Src/stm32f4xx_hal_cortex.o
                0x08000822                HAL_SYSTICK_Config
 .text.HAL_DMA_Abort_IT
                0x0800083a       0x44 ./Drivers/STM32F4xx_HAL_Driver/Src/stm32f4xx_hal_dma.o
                0x0800083a                HAL_DMA_Abort_IT
 *fill*         0x0800087e        0x2 
 .text.HAL_GPIO_Init
                0x08000880      0x308 ./Drivers/STM32F4xx_HAL_Driver/Src/stm32f4xx_hal_gpio.o
                0x08000880                HAL_GPIO_Init
 .text.HAL_GPIO_WritePin
                0x08000b88       0x32 ./Drivers/STM32F4xx_HAL_Driver/Src/stm32f4xx_hal_gpio.o
                0x08000b88                HAL_GPIO_WritePin
 *fill*         0x08000bba        0x2 
 .text.HAL_I2C_Init
                0x08000bbc      0x288 ./Drivers/STM32F4xx_HAL_Driver/Src/stm32f4xx_hal_i2c.o
                0x08000bbc                HAL_I2C_Init
 .text.HAL_I2C_Mem_Write
                0x08000e44      0x1f4 ./Drivers/STM32F4xx_HAL_Driver/Src/stm32f4xx_hal_i2c.o
                0x08000e44                HAL_I2C_Mem_Write
 .text.I2C_RequestMemoryWrite
                0x08001038      0x128 ./Drivers/STM32F4xx_HAL_Driver/Src/stm32f4xx_hal_i2c.o
 .text.I2C_WaitOnFlagUntilTimeout
                0x08001160       0xae ./Drivers/STM32F4xx_HAL_Driver/Src/stm32f4xx_hal_i2c.o
 .text.I2C_WaitOnMasterAddressFlagUntilTimeout
                0x0800120e       0xfe ./Drivers/STM32F4xx_HAL_Driver/Src/stm32f4xx_hal_i2c.o
 .text.I2C_WaitOnTXEFlagUntilTimeout
                0x0800130c       0x82 ./Drivers/STM32F4xx_HAL_Driver/Src/stm32f4xx_hal_i2c.o
 .text.I2C_WaitOnBTFFlagUntilTimeout
                0x0800138e       0x82 ./Drivers/STM32F4xx_HAL_Driver/Src/stm32f4xx_hal_i2c.o
 .text.I2C_IsAcknowledgeFailed
                0x08001410       0x5e ./Drivers/STM32F4xx_HAL_Driver/Src/stm32f4xx_hal_i2c.o
 *fill*         0x0800146e        0x2 
 .text.HAL_RCC_OscConfig
                0x08001470      0x4dc ./Drivers/STM32F4xx_HAL_Driver/Src/stm32f4xx_hal_rcc.o
                0x08001470                HAL_RCC_OscConfig
 .text.HAL_RCC_ClockConfig
                0x0800194c      0x1cc ./Drivers/STM32F4xx_HAL_Driver/Src/stm32f4xx_hal_rcc.o
                0x0800194c                HAL_RCC_ClockConfig
 .text.HAL_RCC_GetSysClockFreq
                0x08001b18      0x18c ./Drivers/STM32F4xx_HAL_Driver/Src/stm32f4xx_hal_rcc.o
                0x08001b18                HAL_RCC_GetSysClockFreq
 .text.HAL_RCC_GetHCLKFreq
                0x08001ca4       0x18 ./Drivers/STM32F4xx_HAL_Driver/Src/stm32f4xx_hal_rcc.o
                0x08001ca4                HAL_RCC_GetHCLKFreq
 .text.HAL_RCC_GetPCLK1Freq
                0x08001cbc       0x28 ./Drivers/STM32F4xx_HAL_Driver/Src/stm32f4xx_hal_rcc.o
                0x08001cbc                HAL_RCC_GetPCLK1Freq
 .text.HAL_RCC_GetPCLK2Freq
                0x08001ce4       0x28 ./Drivers/STM32F4xx_HAL_Driver/Src/stm32f4xx_hal_rcc.o
                0x08001ce4                HAL_RCC_GetPCLK2Freq
 .text.HAL_TIM_Base_Init
                0x08001d0c       0x56 ./Drivers/STM32F4xx_HAL_Driver/Src/stm32f4xx_hal_tim.o
                0x08001d0c                HAL_TIM_Base_Init
 .text.HAL_TIM_ConfigClockSource
                0x08001d62      0x188 ./Drivers/STM32F4xx_HAL_Driver/Src/stm32f4xx_hal_tim.o
                0x08001d62                HAL_TIM_ConfigClockSource
 *fill*         0x08001eea        0x2 
 .text.TIM_Base_SetConfig
                0x08001eec      0x100 ./Drivers/STM32F4xx_HAL_Driver/Src/stm32f4xx_hal_tim.o
                0x08001eec                TIM_Base_SetConfig
 .text.TIM_TI1_ConfigInputStage
                0x08001fec       0x5e ./Drivers/STM32F4xx_HAL_Driver/Src/stm32f4xx_hal_tim.o
 .text.TIM_TI2_ConfigInputStage
                0x0800204a       0x60 ./Drivers/STM32F4xx_HAL_Driver/Src/stm32f4xx_hal_tim.o
 .text.TIM_ITRx_SetConfig
                0x080020aa       0x36 ./Drivers/STM32F4xx_HAL_Driver/Src/stm32f4xx_hal_tim.o
 .text.TIM_ETR_SetConfig
                0x080020e0       0x40 ./Drivers/STM32F4xx_HAL_Driver/Src/stm32f4xx_hal_tim.o
                0x080020e0                TIM_ETR_SetConfig
 .text.HAL_TIMEx_MasterConfigSynchronization
                0x08002120       0xdc ./Drivers/STM32F4xx_HAL_Driver/Src/stm32f4xx_hal_tim_ex.o
                0x08002120                HAL_TIMEx_MasterConfigSynchronization
 .text.HAL_UART_Init
                0x080021fc       0x9a ./Drivers/STM32F4xx_HAL_Driver/Src/stm32f4xx_hal_uart.o
                0x080021fc                HAL_UART_Init
 .text.HAL_UART_Transmit
                0x08002296      0x132 ./Drivers/STM32F4xx_HAL_Driver/Src/stm32f4xx_hal_uart.o
                0x08002296                HAL_UART_Transmit
 .text.HAL_UART_Receive_IT
                0x080023c8       0xaa ./Drivers/STM32F4xx_HAL_Driver/Src/stm32f4xx_hal_uart.o
                0x080023c8                HAL_UART_Receive_IT
 *fill*         0x08002472        0x2 
 .text.HAL_UART_IRQHandler
                0x08002474      0x200 ./Drivers/STM32F4xx_HAL_Driver/Src/stm32f4xx_hal_uart.o
                0x08002474                HAL_UART_IRQHandler
 .text.HAL_UART_TxCpltCallback
                0x08002674       0x14 ./Drivers/STM32F4xx_HAL_Driver/Src/stm32f4xx_hal_uart.o
                0x08002674                HAL_UART_TxCpltCallback
 .text.HAL_UART_ErrorCallback
                0x08002688       0x14 ./Drivers/STM32F4xx_HAL_Driver/Src/stm32f4xx_hal_uart.o
                0x08002688                HAL_UART_ErrorCallback
 .text.UART_WaitOnFlagUntilTimeout
                0x0800269c       0x94 ./Drivers/STM32F4xx_HAL_Driver/Src/stm32f4xx_hal_uart.o
 .text.UART_EndRxTransfer
                0x08002730       0x3c ./Drivers/STM32F4xx_HAL_Driver/Src/stm32f4xx_hal_uart.o
 .text.UART_DMAAbortOnError
                0x0800276c       0x28 ./Drivers/STM32F4xx_HAL_Driver/Src/stm32f4xx_hal_uart.o
 .text.UART_Transmit_IT
                0x08002794       0xac ./Drivers/STM32F4xx_HAL_Driver/Src/stm32f4xx_hal_uart.o
 .text.UART_EndTransmit_IT
                0x08002840       0x30 ./Drivers/STM32F4xx_HAL_Driver/Src/stm32f4xx_hal_uart.o
 .text.UART_Receive_IT
                0x08002870      0x102 ./Drivers/STM32F4xx_HAL_Driver/Src/stm32f4xx_hal_uart.o
 *fill*         0x08002972        0x2 
 .text.UART_SetConfig
                0x08002974      0x9a0 ./Drivers/STM32F4xx_HAL_Driver/Src/stm32f4xx_hal_uart.o
 .text.MX_GPIO_Init
                0x08003314      0x118 ./Src/gpio.o
                0x08003314                MX_GPIO_Init
 .text.MX_I2C1_Init
                0x0800342c       0x5c ./Src/i2c.o
                0x0800342c                MX_I2C1_Init
 .text.HAL_I2C_MspInit
                0x08003488       0x90 ./Src/i2c.o
                0x08003488                HAL_I2C_MspInit
 .text.TIME_CONDITION
                0x08003518       0x28 ./Src/main.o
                0x08003518                TIME_CONDITION
 .text.LED_ON_CONDITION
                0x08003540       0x28 ./Src/main.o
                0x08003540                LED_ON_CONDITION
 .text.buffer_push
                0x08003568       0x52 ./Src/main.o
                0x08003568                buffer_push
 .text.buffer_pop
                0x080035ba       0x54 ./Src/main.o
                0x080035ba                buffer_pop
 .text.buffer_available
                0x0800360e       0x18 ./Src/main.o
                0x0800360e                buffer_available
 *fill*         0x08003626        0x2 
 .text.DEFAULT_SCREEN
                0x08003628       0x94 ./Src/main.o
                0x08003628                DEFAULT_SCREEN
 .text.GREEN_ZONE_NOTIFICATION_ENTRY
                0x080036bc       0x54 ./Src/main.o
                0x080036bc                GREEN_ZONE_NOTIFICATION_ENTRY
 .text.GREEN_ZONE_NOTIFICATION_NO_ENTRY
                0x08003710       0x54 ./Src/main.o
                0x08003710                GREEN_ZONE_NOTIFICATION_NO_ENTRY
 .text.BLUE_ZONE_NOTIFICATION_NO_ENTRY
                0x08003764       0x54 ./Src/main.o
                0x08003764                BLUE_ZONE_NOTIFICATION_NO_ENTRY
 .text.RED_ZONE_NOTIFICATION_NO_ENTRY
                0x080037b8       0x54 ./Src/main.o
                0x080037b8                RED_ZONE_NOTIFICATION_NO_ENTRY
 .text.BLUE_ZONE_NOTIFICATION_ENTRY
                0x0800380c       0x54 ./Src/main.o
                0x0800380c                BLUE_ZONE_NOTIFICATION_ENTRY
 .text.RED_ZONE_NOTIFICATION_ENTRY
                0x08003860       0x54 ./Src/main.o
                0x08003860                RED_ZONE_NOTIFICATION_ENTRY
 .text.GREEN_ZONE_LED
                0x080038b4       0x44 ./Src/main.o
                0x080038b4                GREEN_ZONE_LED
 .text.GREEN_ZONE_LED_ON
                0x080038f8       0x2c ./Src/main.o
                0x080038f8                GREEN_ZONE_LED_ON
 .text.BLUE_ZONE_LED
                0x08003924       0x3c ./Src/main.o
                0x08003924                BLUE_ZONE_LED
 .text.BLUE_ZONE_LED_ON
                0x08003960       0x24 ./Src/main.o
                0x08003960                BLUE_ZONE_LED_ON
 .text.RED_ZONE_LED
                0x08003984       0x40 ./Src/main.o
                0x08003984                RED_ZONE_LED
 .text.RED_ZONE_LED_ON
                0x080039c4       0x28 ./Src/main.o
                0x080039c4                RED_ZONE_LED_ON
 .text.GREEN_ZONE_NO_ENTRY
                0x080039ec       0x24 ./Src/main.o
                0x080039ec                GREEN_ZONE_NO_ENTRY
 .text.GREEN_ZONE_LED_NO_ENTRY
                0x08003a10       0x2c ./Src/main.o
                0x08003a10                GREEN_ZONE_LED_NO_ENTRY
 .text.BLUE_ZONE_NO_ENTRY
                0x08003a3c       0x24 ./Src/main.o
                0x08003a3c                BLUE_ZONE_NO_ENTRY
 .text.BLUE_ZONE_LED_NO_ENTRY
                0x08003a60       0x24 ./Src/main.o
                0x08003a60                BLUE_ZONE_LED_NO_ENTRY
 .text.RED_ZONE_NO_ENTRY
                0x08003a84       0x24 ./Src/main.o
                0x08003a84                RED_ZONE_NO_ENTRY
 .text.RED_ZONE_LED_NO_ENTRY
                0x08003aa8       0x28 ./Src/main.o
                0x08003aa8                RED_ZONE_LED_NO_ENTRY
 .text.process_command
                0x08003ad0       0xf8 ./Src/main.o
                0x08003ad0                process_command
 .text.UART_TransmitInit
                0x08003bc8       0x40 ./Src/main.o
                0x08003bc8                UART_TransmitInit
 .text.HAL_UART_RxCpltCallback
                0x08003c08       0x44 ./Src/main.o
                0x08003c08                HAL_UART_RxCpltCallback
 .text.main     0x08003c4c       0xa0 ./Src/main.o
                0x08003c4c                main
 .text.SystemClock_Config
                0x08003cec       0xbc ./Src/main.o
                0x08003cec                SystemClock_Config
 .text.Error_Handler
                0x08003da8        0xe ./Src/main.o
                0x08003da8                Error_Handler
 .text.ssd1306_Reset
                0x08003db6        0xe ./Src/ssd1306.o
                0x08003db6                ssd1306_Reset
 .text.ssd1306_WriteCommand
                0x08003dc4       0x30 ./Src/ssd1306.o
                0x08003dc4                ssd1306_WriteCommand
 .text.ssd1306_WriteData
                0x08003df4       0x34 ./Src/ssd1306.o
                0x08003df4                ssd1306_WriteData
 .text.ssd1306_Init
                0x08003e28       0xd4 ./Src/ssd1306.o
                0x08003e28                ssd1306_Init
 .text.ssd1306_Fill
                0x08003efc       0x30 ./Src/ssd1306.o
                0x08003efc                ssd1306_Fill
 .text.ssd1306_UpdateScreen
                0x08003f2c       0x50 ./Src/ssd1306.o
                0x08003f2c                ssd1306_UpdateScreen
 .text.ssd1306_DrawPixel
                0x08003f7c       0xa8 ./Src/ssd1306.o
                0x08003f7c                ssd1306_DrawPixel
 .text.ssd1306_WriteChar
                0x08004024      0x120 ./Src/ssd1306.o
                0x08004024                ssd1306_WriteChar
 .text.ssd1306_WriteString
                0x08004144       0x4c ./Src/ssd1306.o
                0x08004144                ssd1306_WriteString
 .text.ssd1306_SetCursor
                0x08004190       0x30 ./Src/ssd1306.o
                0x08004190                ssd1306_SetCursor
 .text.ssd1306_DrawBitmap
                0x080041c0       0xb6 ./Src/ssd1306.o
                0x080041c0                ssd1306_DrawBitmap
 .text.ssd1306_SetContrast
                0x08004276       0x26 ./Src/ssd1306.o
                0x08004276                ssd1306_SetContrast
 .text.ssd1306_SetDisplayOn
                0x0800429c       0x3c ./Src/ssd1306.o
                0x0800429c                ssd1306_SetDisplayOn
 .text.HAL_MspInit
                0x080042d8       0x50 ./Src/stm32f4xx_hal_msp.o
                0x080042d8                HAL_MspInit
 .text.NMI_Handler
                0x08004328        0xe ./Src/stm32f4xx_it.o
                0x08004328                NMI_Handler
 .text.HardFault_Handler
                0x08004336        0x8 ./Src/stm32f4xx_it.o
                0x08004336                HardFault_Handler
 .text.MemManage_Handler
                0x0800433e        0x8 ./Src/stm32f4xx_it.o
                0x0800433e                MemManage_Handler
 .text.BusFault_Handler
                0x08004346        0x8 ./Src/stm32f4xx_it.o
                0x08004346                BusFault_Handler
 .text.UsageFault_Handler
                0x0800434e        0x8 ./Src/stm32f4xx_it.o
                0x0800434e                UsageFault_Handler
 .text.SVC_Handler
                0x08004356        0xe ./Src/stm32f4xx_it.o
                0x08004356                SVC_Handler
 .text.DebugMon_Handler
                0x08004364        0xe ./Src/stm32f4xx_it.o
                0x08004364                DebugMon_Handler
 .text.PendSV_Handler
                0x08004372        0xe ./Src/stm32f4xx_it.o
                0x08004372                PendSV_Handler
 .text.SysTick_Handler
                0x08004380        0xc ./Src/stm32f4xx_it.o
                0x08004380                SysTick_Handler
 .text.USART2_IRQHandler
                0x0800438c       0x14 ./Src/stm32f4xx_it.o
                0x0800438c                USART2_IRQHandler
 .text.SystemInit
                0x080043a0       0x2c ./Src/system_stm32f4xx.o
                0x080043a0                SystemInit
 .text.MX_TIM2_Init
                0x080043cc       0x9c ./Src/tim.o
                0x080043cc                MX_TIM2_Init
 .text.HAL_TIM_Base_MspInit
                0x08004468       0x40 ./Src/tim.o
                0x08004468                HAL_TIM_Base_MspInit
 .text.MX_USART2_UART_Init
                0x080044a8       0x54 ./Src/usart.o
                0x080044a8                MX_USART2_UART_Init
 .text.HAL_UART_MspInit
                0x080044fc       0xa0 ./Src/usart.o
                0x080044fc                HAL_UART_MspInit
 .text.Reset_Handler
                0x0800459c       0x50 ./Startup/startup_stm32f411retx.o
                0x0800459c                Reset_Handler
 .text.Default_Handler
                0x080045ec        0x2 ./Startup/startup_stm32f411retx.o
                0x080045ec                RTC_Alarm_IRQHandler
                0x080045ec                EXTI2_IRQHandler
                0x080045ec                SPI4_IRQHandler
                0x080045ec                TIM1_CC_IRQHandler
                0x080045ec                DMA2_Stream5_IRQHandler
                0x080045ec                DMA1_Stream5_IRQHandler
                0x080045ec                PVD_IRQHandler
                0x080045ec                SDIO_IRQHandler
                0x080045ec                TAMP_STAMP_IRQHandler
                0x080045ec                EXTI3_IRQHandler
                0x080045ec                TIM1_UP_TIM10_IRQHandler
                0x080045ec                I2C3_ER_IRQHandler
                0x080045ec                EXTI0_IRQHandler
                0x080045ec                I2C2_EV_IRQHandler
                0x080045ec                DMA1_Stream2_IRQHandler
                0x080045ec                FPU_IRQHandler
                0x080045ec                DMA2_Stream2_IRQHandler
                0x080045ec                SPI1_IRQHandler
                0x080045ec                TIM1_BRK_TIM9_IRQHandler
                0x080045ec                DMA2_Stream3_IRQHandler
                0x080045ec                USART6_IRQHandler
                0x080045ec                DMA2_Stream0_IRQHandler
                0x080045ec                TIM4_IRQHandler
                0x080045ec                I2C1_EV_IRQHandler
                0x080045ec                DMA1_Stream6_IRQHandler
                0x080045ec                DMA1_Stream1_IRQHandler
                0x080045ec                TIM3_IRQHandler
                0x080045ec                RCC_IRQHandler
                0x080045ec                Default_Handler
                0x080045ec                EXTI15_10_IRQHandler
                0x080045ec                ADC_IRQHandler
                0x080045ec                DMA1_Stream7_IRQHandler
                0x080045ec                SPI5_IRQHandler
                0x080045ec                TIM5_IRQHandler
                0x080045ec                DMA2_Stream7_IRQHandler
                0x080045ec                I2C3_EV_IRQHandler
                0x080045ec                EXTI9_5_IRQHandler
                0x080045ec                RTC_WKUP_IRQHandler
                0x080045ec                SPI2_IRQHandler
                0x080045ec                DMA1_Stream0_IRQHandler
                0x080045ec                EXTI4_IRQHandler
                0x080045ec                WWDG_IRQHandler
                0x080045ec                TIM2_IRQHandler
                0x080045ec                OTG_FS_WKUP_IRQHandler
                0x080045ec                TIM1_TRG_COM_TIM11_IRQHandler
                0x080045ec                EXTI1_IRQHandler
                0x080045ec                I2C2_ER_IRQHandler
                0x080045ec                DMA2_Stream1_IRQHandler
                0x080045ec                FLASH_IRQHandler
                0x080045ec                DMA2_Stream4_IRQHandler
                0x080045ec                USART1_IRQHandler
                0x080045ec                OTG_FS_IRQHandler
                0x080045ec                SPI3_IRQHandler
                0x080045ec                DMA1_Stream4_IRQHandler
                0x080045ec                I2C1_ER_IRQHandler
                0x080045ec                DMA2_Stream6_IRQHandler
                0x080045ec                DMA1_Stream3_IRQHandler
 .text.memset   0x080045ee       0x10 C:/ST/STM32CubeIDE_1.0.2/STM32CubeIDE/plugins/com.st.stm32cube.ide.mcu.externaltools.gnu-tools-for-stm32.12.3.rel1.win32_1.0.200.202406191623/tools/bin/../lib/gcc/arm-none-eabi/12.3.1/../../../../arm-none-eabi/lib/thumb/v7e-m+fp/hard\libc_nano.a(libc_a-memset.o)
                0x080045ee                memset
 *fill*         0x080045fe        0x2 
 .text.__libc_init_array
                0x08004600       0x48 C:/ST/STM32CubeIDE_1.0.2/STM32CubeIDE/plugins/com.st.stm32cube.ide.mcu.externaltools.gnu-tools-for-stm32.12.3.rel1.win32_1.0.200.202406191623/tools/bin/../lib/gcc/arm-none-eabi/12.3.1/../../../../arm-none-eabi/lib/thumb/v7e-m+fp/hard\libc_nano.a(libc_a-init.o)
                0x08004600                __libc_init_array
 *(.glue_7)
 .glue_7        0x08004648        0x0 linker stubs
 *(.glue_7t)
 .glue_7t       0x08004648        0x0 linker stubs
 *(.eh_frame)
 .eh_frame      0x08004648        0x0 C:/ST/STM32CubeIDE_1.0.2/STM32CubeIDE/plugins/com.st.stm32cube.ide.mcu.externaltools.gnu-tools-for-stm32.12.3.rel1.win32_1.0.200.202406191623/tools/bin/../lib/gcc/arm-none-eabi/12.3.1/thumb/v7e-m+fp/hard/crtbegin.o
 *(.init)
 .init          0x08004648        0x4 C:/ST/STM32CubeIDE_1.0.2/STM32CubeIDE/plugins/com.st.stm32cube.ide.mcu.externaltools.gnu-tools-for-stm32.12.3.rel1.win32_1.0.200.202406191623/tools/bin/../lib/gcc/arm-none-eabi/12.3.1/thumb/v7e-m+fp/hard/crti.o
                0x08004648                _init
 .init          0x0800464c        0x8 C:/ST/STM32CubeIDE_1.0.2/STM32CubeIDE/plugins/com.st.stm32cube.ide.mcu.externaltools.gnu-tools-for-stm32.12.3.rel1.win32_1.0.200.202406191623/tools/bin/../lib/gcc/arm-none-eabi/12.3.1/thumb/v7e-m+fp/hard/crtn.o
 *(.fini)
 .fini          0x08004654        0x4 C:/ST/STM32CubeIDE_1.0.2/STM32CubeIDE/plugins/com.st.stm32cube.ide.mcu.externaltools.gnu-tools-for-stm32.12.3.rel1.win32_1.0.200.202406191623/tools/bin/../lib/gcc/arm-none-eabi/12.3.1/thumb/v7e-m+fp/hard/crti.o
                0x08004654                _fini
 .fini          0x08004658        0x8 C:/ST/STM32CubeIDE_1.0.2/STM32CubeIDE/plugins/com.st.stm32cube.ide.mcu.externaltools.gnu-tools-for-stm32.12.3.rel1.win32_1.0.200.202406191623/tools/bin/../lib/gcc/arm-none-eabi/12.3.1/thumb/v7e-m+fp/hard/crtn.o
                0x08004660                        . = ALIGN (0x4)
                0x08004660                        _etext = .

.vfp11_veneer   0x08004660        0x0
 .vfp11_veneer  0x08004660        0x0 linker stubs

.v4_bx          0x08004660        0x0
 .v4_bx         0x08004660        0x0 linker stubs

.iplt           0x08004660        0x0
 .iplt          0x08004660        0x0 C:/ST/STM32CubeIDE_1.0.2/STM32CubeIDE/plugins/com.st.stm32cube.ide.mcu.externaltools.gnu-tools-for-stm32.12.3.rel1.win32_1.0.200.202406191623/tools/bin/../lib/gcc/arm-none-eabi/12.3.1/thumb/v7e-m+fp/hard/crtbegin.o

.rodata         0x08004660     0x24ac
                0x08004660                        . = ALIGN (0x4)
 *(.rodata)
 .rodata        0x08004660       0x87 ./Src/main.o
 *(.rodata*)
 *fill*         0x080046e7        0x1 
 .rodata.epd_bitmap_car
                0x080046e8      0x340 ./Src/main.o
                0x080046e8                epd_bitmap_car
 .rodata.Font7x10
                0x08004a28      0x76c ./Src/ssd1306_fonts.o
 .rodata.Font16x26
                0x08005194     0x134c ./Src/ssd1306_fonts.o
 .rodata.Font6x8
                0x080064e0      0x5f0 ./Src/ssd1306_fonts.o
 .rodata.Font_6x8
                0x08006ad0        0xc ./Src/ssd1306_fonts.o
                0x08006ad0                Font_6x8
 .rodata.Font_7x10
                0x08006adc        0xc ./Src/ssd1306_fonts.o
                0x08006adc                Font_7x10
 .rodata.Font_16x26
                0x08006ae8        0xc ./Src/ssd1306_fonts.o
                0x08006ae8                Font_16x26
 .rodata.AHBPrescTable
                0x08006af4       0x10 ./Src/system_stm32f4xx.o
                0x08006af4                AHBPrescTable
 .rodata.APBPrescTable
                0x08006b04        0x8 ./Src/system_stm32f4xx.o
                0x08006b04                APBPrescTable
                0x08006b0c                        . = ALIGN (0x4)

.ARM.extab      0x08006b0c        0x0
                0x08006b0c                        . = ALIGN (0x4)
 *(.ARM.extab* .gnu.linkonce.armextab.*)
                0x08006b0c                        . = ALIGN (0x4)

.ARM            0x08006b0c        0x8
                0x08006b0c                        . = ALIGN (0x4)
                0x08006b0c                        __exidx_start = .
 *(.ARM.exidx*)
 .ARM.exidx     0x08006b0c        0x8 C:/ST/STM32CubeIDE_1.0.2/STM32CubeIDE/plugins/com.st.stm32cube.ide.mcu.externaltools.gnu-tools-for-stm32.12.3.rel1.win32_1.0.200.202406191623/tools/bin/../lib/gcc/arm-none-eabi/12.3.1/../../../../arm-none-eabi/lib/thumb/v7e-m+fp/hard\libc_nano.a(libc_a-strcmp.o)
 .ARM.exidx     0x08006b14        0x0 C:/ST/STM32CubeIDE_1.0.2/STM32CubeIDE/plugins/com.st.stm32cube.ide.mcu.externaltools.gnu-tools-for-stm32.12.3.rel1.win32_1.0.200.202406191623/tools/bin/../lib/gcc/arm-none-eabi/12.3.1/../../../../arm-none-eabi/lib/thumb/v7e-m+fp/hard\libc_nano.a(libc_a-strlen.o)
                                  0x8 (size before relaxing)
 .ARM.exidx     0x08006b14        0x0 C:/ST/STM32CubeIDE_1.0.2/STM32CubeIDE/plugins/com.st.stm32cube.ide.mcu.externaltools.gnu-tools-for-stm32.12.3.rel1.win32_1.0.200.202406191623/tools/bin/../lib/gcc/arm-none-eabi/12.3.1/thumb/v7e-m+fp/hard\libgcc.a(_udivmoddi4.o)
                                  0x8 (size before relaxing)
                0x08006b14                        __exidx_end = .
                0x08006b14                        . = ALIGN (0x4)

.rel.dyn        0x08006b14        0x0
 .rel.iplt      0x08006b14        0x0 C:/ST/STM32CubeIDE_1.0.2/STM32CubeIDE/plugins/com.st.stm32cube.ide.mcu.externaltools.gnu-tools-for-stm32.12.3.rel1.win32_1.0.200.202406191623/tools/bin/../lib/gcc/arm-none-eabi/12.3.1/thumb/v7e-m+fp/hard/crtbegin.o

.preinit_array  0x08006b14        0x0
                0x08006b14                        . = ALIGN (0x4)
                0x08006b14                        PROVIDE (__preinit_array_start = .)
 *(.preinit_array*)
                0x08006b14                        PROVIDE (__preinit_array_end = .)
                0x08006b14                        . = ALIGN (0x4)

.init_array     0x08006b14        0x4
                0x08006b14                        . = ALIGN (0x4)
                0x08006b14                        PROVIDE (__init_array_start = .)
 *(SORT_BY_NAME(.init_array.*))
 *(.init_array*)
 .init_array    0x08006b14        0x4 C:/ST/STM32CubeIDE_1.0.2/STM32CubeIDE/plugins/com.st.stm32cube.ide.mcu.externaltools.gnu-tools-for-stm32.12.3.rel1.win32_1.0.200.202406191623/tools/bin/../lib/gcc/arm-none-eabi/12.3.1/thumb/v7e-m+fp/hard/crtbegin.o
                0x08006b18                        PROVIDE (__init_array_end = .)
                0x08006b18                        . = ALIGN (0x4)

.fini_array     0x08006b18        0x4
                0x08006b18                        . = ALIGN (0x4)
                [!provide]                        PROVIDE (__fini_array_start = .)
 *(SORT_BY_NAME(.fini_array.*))
 *(.fini_array*)
 .fini_array    0x08006b18        0x4 C:/ST/STM32CubeIDE_1.0.2/STM32CubeIDE/plugins/com.st.stm32cube.ide.mcu.externaltools.gnu-tools-for-stm32.12.3.rel1.win32_1.0.200.202406191623/tools/bin/../lib/gcc/arm-none-eabi/12.3.1/thumb/v7e-m+fp/hard/crtbegin.o
                [!provide]                        PROVIDE (__fini_array_end = .)
                0x08006b1c                        . = ALIGN (0x4)
                0x08006b1c                        _sidata = LOADADDR (.data)

.data           0x20000000        0xc load address 0x08006b1c
                0x20000000                        . = ALIGN (0x4)
                0x20000000                        _sdata = .
 *(.data)
 *(.data*)
 .data.uwTickPrio
                0x20000000        0x4 ./Drivers/STM32F4xx_HAL_Driver/Src/stm32f4xx_hal.o
                0x20000000                uwTickPrio
 .data.uwTickFreq
                0x20000004        0x1 ./Drivers/STM32F4xx_HAL_Driver/Src/stm32f4xx_hal.o
                0x20000004                uwTickFreq
 *fill*         0x20000005        0x3 
 .data.SystemCoreClock
                0x20000008        0x4 ./Src/system_stm32f4xx.o
                0x20000008                SystemCoreClock
                0x2000000c                        . = ALIGN (0x4)
                0x2000000c                        _edata = .

.igot.plt       0x2000000c        0x0 load address 0x08006b28
 .igot.plt      0x2000000c        0x0 C:/ST/STM32CubeIDE_1.0.2/STM32CubeIDE/plugins/com.st.stm32cube.ide.mcu.externaltools.gnu-tools-for-stm32.12.3.rel1.win32_1.0.200.202406191623/tools/bin/../lib/gcc/arm-none-eabi/12.3.1/thumb/v7e-m+fp/hard/crtbegin.o
                0x2000000c                        . = ALIGN (0x4)

.bss            0x2000000c      0x510 load address 0x08006b28
                0x2000000c                        _sbss = .
                0x2000000c                        __bss_start__ = _sbss
 *(.bss)
 .bss           0x2000000c       0x1c C:/ST/STM32CubeIDE_1.0.2/STM32CubeIDE/plugins/com.st.stm32cube.ide.mcu.externaltools.gnu-tools-for-stm32.12.3.rel1.win32_1.0.200.202406191623/tools/bin/../lib/gcc/arm-none-eabi/12.3.1/thumb/v7e-m+fp/hard/crtbegin.o
 *(.bss*)
 .bss.uwTick    0x20000028        0x4 ./Drivers/STM32F4xx_HAL_Driver/Src/stm32f4xx_hal.o
                0x20000028                uwTick
 .bss.hi2c1     0x2000002c       0x54 ./Src/i2c.o
                0x2000002c                hi2c1
 .bss.rx_data   0x20000080        0x1 ./Src/main.o
                0x20000080                rx_data
 .bss.led_on    0x20000081        0x1 ./Src/main.o
                0x20000081                led_on
 *fill*         0x20000082        0x2 
 .bss.led_on_time
                0x20000084        0x4 ./Src/main.o
                0x20000084                led_on_time
 .bss.rx_buffer
                0x20000088        0xb ./Src/main.o
                0x20000088                rx_buffer
 *fill*         0x20000093        0x1 
 .bss.SSD1306_Buffer
                0x20000094      0x400 ./Src/ssd1306.o
 .bss.SSD1306   0x20000494        0x6 ./Src/ssd1306.o
 *fill*         0x2000049a        0x2 
 .bss.htim2     0x2000049c       0x40 ./Src/tim.o
                0x2000049c                htim2
 .bss.huart2    0x200004dc       0x40 ./Src/usart.o
                0x200004dc                huart2
 *(COMMON)
                0x2000051c                        . = ALIGN (0x4)
                0x2000051c                        _ebss = .
                0x2000051c                        __bss_end__ = _ebss

._user_heap_stack
                0x2000051c      0x604 load address 0x08006b28
                0x20000520                        . = ALIGN (0x8)
 *fill*         0x2000051c        0x4 
                0x20000520                        PROVIDE (end = .)
                [!provide]                        PROVIDE (_end = .)
                0x20000720                        . = (. + _Min_Heap_Size)
 *fill*         0x20000520      0x200 
                0x20000b20                        . = (. + _Min_Stack_Size)
 *fill*         0x20000720      0x400 
                0x20000b20                        . = ALIGN (0x8)

/DISCARD/
 libc.a(*)
 libm.a(*)
 libgcc.a(*)

.ARM.attributes
                0x00000000       0x30
 *(.ARM.attributes)
 .ARM.attributes
                0x00000000       0x22 C:/ST/STM32CubeIDE_1.0.2/STM32CubeIDE/plugins/com.st.stm32cube.ide.mcu.externaltools.gnu-tools-for-stm32.12.3.rel1.win32_1.0.200.202406191623/tools/bin/../lib/gcc/arm-none-eabi/12.3.1/thumb/v7e-m+fp/hard/crti.o
 .ARM.attributes
                0x00000022       0x34 C:/ST/STM32CubeIDE_1.0.2/STM32CubeIDE/plugins/com.st.stm32cube.ide.mcu.externaltools.gnu-tools-for-stm32.12.3.rel1.win32_1.0.200.202406191623/tools/bin/../lib/gcc/arm-none-eabi/12.3.1/thumb/v7e-m+fp/hard/crtbegin.o
 .ARM.attributes
                0x00000056       0x34 ./Drivers/STM32F4xx_HAL_Driver/Src/stm32f4xx_hal.o
 .ARM.attributes
                0x0000008a       0x34 ./Drivers/STM32F4xx_HAL_Driver/Src/stm32f4xx_hal_cortex.o
 .ARM.attributes
                0x000000be       0x34 ./Drivers/STM32F4xx_HAL_Driver/Src/stm32f4xx_hal_dma.o
 .ARM.attributes
                0x000000f2       0x34 ./Drivers/STM32F4xx_HAL_Driver/Src/stm32f4xx_hal_gpio.o
 .ARM.attributes
                0x00000126       0x34 ./Drivers/STM32F4xx_HAL_Driver/Src/stm32f4xx_hal_i2c.o
 .ARM.attributes
                0x0000015a       0x34 ./Drivers/STM32F4xx_HAL_Driver/Src/stm32f4xx_hal_rcc.o
 .ARM.attributes
                0x0000018e       0x34 ./Drivers/STM32F4xx_HAL_Driver/Src/stm32f4xx_hal_tim.o
 .ARM.attributes
                0x000001c2       0x34 ./Drivers/STM32F4xx_HAL_Driver/Src/stm32f4xx_hal_tim_ex.o
 .ARM.attributes
                0x000001f6       0x34 ./Drivers/STM32F4xx_HAL_Driver/Src/stm32f4xx_hal_uart.o
 .ARM.attributes
                0x0000022a       0x34 ./Src/gpio.o
 .ARM.attributes
                0x0000025e       0x34 ./Src/i2c.o
 .ARM.attributes
                0x00000292       0x34 ./Src/main.o
 .ARM.attributes
                0x000002c6       0x34 ./Src/ssd1306.o
 .ARM.attributes
                0x000002fa       0x34 ./Src/ssd1306_fonts.o
 .ARM.attributes
                0x0000032e       0x34 ./Src/stm32f4xx_hal_msp.o
 .ARM.attributes
                0x00000362       0x34 ./Src/stm32f4xx_it.o
 .ARM.attributes
                0x00000396       0x34 ./Src/system_stm32f4xx.o
 .ARM.attributes
                0x000003ca       0x34 ./Src/tim.o
 .ARM.attributes
                0x000003fe       0x34 ./Src/usart.o
 .ARM.attributes
                0x00000432       0x21 ./Startup/startup_stm32f411retx.o
 .ARM.attributes
                0x00000453       0x34 C:/ST/STM32CubeIDE_1.0.2/STM32CubeIDE/plugins/com.st.stm32cube.ide.mcu.externaltools.gnu-tools-for-stm32.12.3.rel1.win32_1.0.200.202406191623/tools/bin/../lib/gcc/arm-none-eabi/12.3.1/../../../../arm-none-eabi/lib/thumb/v7e-m+fp/hard\libc_nano.a(libc_a-memset.o)
 .ARM.attributes
                0x00000487       0x34 C:/ST/STM32CubeIDE_1.0.2/STM32CubeIDE/plugins/com.st.stm32cube.ide.mcu.externaltools.gnu-tools-for-stm32.12.3.rel1.win32_1.0.200.202406191623/tools/bin/../lib/gcc/arm-none-eabi/12.3.1/../../../../arm-none-eabi/lib/thumb/v7e-m+fp/hard\libc_nano.a(libc_a-init.o)
 .ARM.attributes
                0x000004bb       0x20 C:/ST/STM32CubeIDE_1.0.2/STM32CubeIDE/plugins/com.st.stm32cube.ide.mcu.externaltools.gnu-tools-for-stm32.12.3.rel1.win32_1.0.200.202406191623/tools/bin/../lib/gcc/arm-none-eabi/12.3.1/../../../../arm-none-eabi/lib/thumb/v7e-m+fp/hard\libc_nano.a(libc_a-strcmp.o)
 .ARM.attributes
                0x000004db       0x17 C:/ST/STM32CubeIDE_1.0.2/STM32CubeIDE/plugins/com.st.stm32cube.ide.mcu.externaltools.gnu-tools-for-stm32.12.3.rel1.win32_1.0.200.202406191623/tools/bin/../lib/gcc/arm-none-eabi/12.3.1/../../../../arm-none-eabi/lib/thumb/v7e-m+fp/hard\libc_nano.a(libc_a-strlen.o)
 .ARM.attributes
                0x000004f2       0x22 C:/ST/STM32CubeIDE_1.0.2/STM32CubeIDE/plugins/com.st.stm32cube.ide.mcu.externaltools.gnu-tools-for-stm32.12.3.rel1.win32_1.0.200.202406191623/tools/bin/../lib/gcc/arm-none-eabi/12.3.1/thumb/v7e-m+fp/hard\libgcc.a(_aeabi_uldivmod.o)
 .ARM.attributes
                0x00000514       0x34 C:/ST/STM32CubeIDE_1.0.2/STM32CubeIDE/plugins/com.st.stm32cube.ide.mcu.externaltools.gnu-tools-for-stm32.12.3.rel1.win32_1.0.200.202406191623/tools/bin/../lib/gcc/arm-none-eabi/12.3.1/thumb/v7e-m+fp/hard\libgcc.a(_udivmoddi4.o)
 .ARM.attributes
                0x00000548       0x22 C:/ST/STM32CubeIDE_1.0.2/STM32CubeIDE/plugins/com.st.stm32cube.ide.mcu.externaltools.gnu-tools-for-stm32.12.3.rel1.win32_1.0.200.202406191623/tools/bin/../lib/gcc/arm-none-eabi/12.3.1/thumb/v7e-m+fp/hard\libgcc.a(_dvmd_tls.o)
 .ARM.attributes
                0x0000056a       0x22 C:/ST/STM32CubeIDE_1.0.2/STM32CubeIDE/plugins/com.st.stm32cube.ide.mcu.externaltools.gnu-tools-for-stm32.12.3.rel1.win32_1.0.200.202406191623/tools/bin/../lib/gcc/arm-none-eabi/12.3.1/thumb/v7e-m+fp/hard/crtn.o
OUTPUT(UART_PMS.elf elf32-littlearm)
LOAD linker stubs
LOAD C:/ST/STM32CubeIDE_1.0.2/STM32CubeIDE/plugins/com.st.stm32cube.ide.mcu.externaltools.gnu-tools-for-stm32.12.3.rel1.win32_1.0.200.202406191623/tools/bin/../lib/gcc/arm-none-eabi/12.3.1/../../../../arm-none-eabi/lib/thumb/v7e-m+fp/hard\libc.a
LOAD C:/ST/STM32CubeIDE_1.0.2/STM32CubeIDE/plugins/com.st.stm32cube.ide.mcu.externaltools.gnu-tools-for-stm32.12.3.rel1.win32_1.0.200.202406191623/tools/bin/../lib/gcc/arm-none-eabi/12.3.1/../../../../arm-none-eabi/lib/thumb/v7e-m+fp/hard\libm.a
LOAD C:/ST/STM32CubeIDE_1.0.2/STM32CubeIDE/plugins/com.st.stm32cube.ide.mcu.externaltools.gnu-tools-for-stm32.12.3.rel1.win32_1.0.200.202406191623/tools/bin/../lib/gcc/arm-none-eabi/12.3.1/thumb/v7e-m+fp/hard\libgcc.a

.debug_info     0x00000000     0xee28
 .debug_info    0x00000000      0x8d6 ./Drivers/STM32F4xx_HAL_Driver/Src/stm32f4xx_hal.o
 .debug_info    0x000008d6      0xcb6 ./Drivers/STM32F4xx_HAL_Driver/Src/stm32f4xx_hal_cortex.o
 .debug_info    0x0000158c      0x8e6 ./Drivers/STM32F4xx_HAL_Driver/Src/stm32f4xx_hal_dma.o
 .debug_info    0x00001e72      0x6da ./Drivers/STM32F4xx_HAL_Driver/Src/stm32f4xx_hal_gpio.o
 .debug_info    0x0000254c     0x236a ./Drivers/STM32F4xx_HAL_Driver/Src/stm32f4xx_hal_i2c.o
 .debug_info    0x000048b6      0x8d9 ./Drivers/STM32F4xx_HAL_Driver/Src/stm32f4xx_hal_rcc.o
 .debug_info    0x0000518f     0x2440 ./Drivers/STM32F4xx_HAL_Driver/Src/stm32f4xx_hal_tim.o
 .debug_info    0x000075cf     0x1187 ./Drivers/STM32F4xx_HAL_Driver/Src/stm32f4xx_hal_tim_ex.o
 .debug_info    0x00008756     0x1204 ./Drivers/STM32F4xx_HAL_Driver/Src/stm32f4xx_hal_uart.o
 .debug_info    0x0000995a      0x433 ./Src/gpio.o
 .debug_info    0x00009d8d      0x9a8 ./Src/i2c.o
 .debug_info    0x0000a735      0xfc9 ./Src/main.o
 .debug_info    0x0000b6fe     0x1293 ./Src/ssd1306.o
 .debug_info    0x0000c991      0x2a4 ./Src/ssd1306_fonts.o
 .debug_info    0x0000cc35      0x291 ./Src/stm32f4xx_hal_msp.o
 .debug_info    0x0000cec6      0x5fa ./Src/stm32f4xx_it.o
 .debug_info    0x0000d4c0      0x53e ./Src/system_stm32f4xx.o
 .debug_info    0x0000d9fe      0x912 ./Src/tim.o
 .debug_info    0x0000e310      0xae8 ./Src/usart.o
 .debug_info    0x0000edf8       0x30 ./Startup/startup_stm32f411retx.o

.debug_abbrev   0x00000000     0x28a9
 .debug_abbrev  0x00000000      0x247 ./Drivers/STM32F4xx_HAL_Driver/Src/stm32f4xx_hal.o
 .debug_abbrev  0x00000247      0x327 ./Drivers/STM32F4xx_HAL_Driver/Src/stm32f4xx_hal_cortex.o
 .debug_abbrev  0x0000056e      0x221 ./Drivers/STM32F4xx_HAL_Driver/Src/stm32f4xx_hal_dma.o
 .debug_abbrev  0x0000078f      0x1d6 ./Drivers/STM32F4xx_HAL_Driver/Src/stm32f4xx_hal_gpio.o
 .debug_abbrev  0x00000965      0x2bb ./Drivers/STM32F4xx_HAL_Driver/Src/stm32f4xx_hal_i2c.o
 .debug_abbrev  0x00000c20      0x2b6 ./Drivers/STM32F4xx_HAL_Driver/Src/stm32f4xx_hal_rcc.o
 .debug_abbrev  0x00000ed6      0x284 ./Drivers/STM32F4xx_HAL_Driver/Src/stm32f4xx_hal_tim.o
 .debug_abbrev  0x0000115a      0x274 ./Drivers/STM32F4xx_HAL_Driver/Src/stm32f4xx_hal_tim_ex.o
 .debug_abbrev  0x000013ce      0x295 ./Drivers/STM32F4xx_HAL_Driver/Src/stm32f4xx_hal_uart.o
 .debug_abbrev  0x00001663      0x151 ./Src/gpio.o
 .debug_abbrev  0x000017b4      0x1f1 ./Src/i2c.o
 .debug_abbrev  0x000019a5      0x35e ./Src/main.o
 .debug_abbrev  0x00001d03      0x352 ./Src/ssd1306.o
 .debug_abbrev  0x00002055       0xcf ./Src/ssd1306_fonts.o
 .debug_abbrev  0x00002124       0xd8 ./Src/stm32f4xx_hal_msp.o
 .debug_abbrev  0x000021fc      0x17b ./Src/stm32f4xx_it.o
 .debug_abbrev  0x00002377      0x11a ./Src/system_stm32f4xx.o
 .debug_abbrev  0x00002491      0x1e4 ./Src/tim.o
 .debug_abbrev  0x00002675      0x210 ./Src/usart.o
 .debug_abbrev  0x00002885       0x24 ./Startup/startup_stm32f411retx.o

.debug_aranges  0x00000000     0x1068
 .debug_aranges
                0x00000000       0xf0 ./Drivers/STM32F4xx_HAL_Driver/Src/stm32f4xx_hal.o
 .debug_aranges
                0x000000f0      0x118 ./Drivers/STM32F4xx_HAL_Driver/Src/stm32f4xx_hal_cortex.o
 .debug_aranges
                0x00000208       0x90 ./Drivers/STM32F4xx_HAL_Driver/Src/stm32f4xx_hal_dma.o
 .debug_aranges
                0x00000298       0x58 ./Drivers/STM32F4xx_HAL_Driver/Src/stm32f4xx_hal_gpio.o
 .debug_aranges
                0x000002f0      0x298 ./Drivers/STM32F4xx_HAL_Driver/Src/stm32f4xx_hal_i2c.o
 .debug_aranges
                0x00000588       0x88 ./Drivers/STM32F4xx_HAL_Driver/Src/stm32f4xx_hal_rcc.o
 .debug_aranges
                0x00000610      0x3a8 ./Drivers/STM32F4xx_HAL_Driver/Src/stm32f4xx_hal_tim.o
 .debug_aranges
                0x000009b8      0x150 ./Drivers/STM32F4xx_HAL_Driver/Src/stm32f4xx_hal_tim_ex.o
 .debug_aranges
                0x00000b08      0x1d0 ./Drivers/STM32F4xx_HAL_Driver/Src/stm32f4xx_hal_uart.o
 .debug_aranges
                0x00000cd8       0x20 ./Src/gpio.o
 .debug_aranges
                0x00000cf8       0x30 ./Src/i2c.o
 .debug_aranges
                0x00000d28      0x108 ./Src/main.o
 .debug_aranges
                0x00000e30       0xe8 ./Src/ssd1306.o
 .debug_aranges
                0x00000f18       0x18 ./Src/ssd1306_fonts.o
 .debug_aranges
                0x00000f30       0x20 ./Src/stm32f4xx_hal_msp.o
 .debug_aranges
                0x00000f50       0x68 ./Src/stm32f4xx_it.o
 .debug_aranges
                0x00000fb8       0x28 ./Src/system_stm32f4xx.o
 .debug_aranges
                0x00000fe0       0x30 ./Src/tim.o
 .debug_aranges
                0x00001010       0x30 ./Src/usart.o
 .debug_aranges
                0x00001040       0x28 ./Startup/startup_stm32f411retx.o

.debug_rnglists
                0x00000000      0xca1
 .debug_rnglists
                0x00000000       0xaf ./Drivers/STM32F4xx_HAL_Driver/Src/stm32f4xx_hal.o
 .debug_rnglists
                0x000000af       0xce ./Drivers/STM32F4xx_HAL_Driver/Src/stm32f4xx_hal_cortex.o
 .debug_rnglists
                0x0000017d       0x70 ./Drivers/STM32F4xx_HAL_Driver/Src/stm32f4xx_hal_dma.o
 .debug_rnglists
                0x000001ed       0x3f ./Drivers/STM32F4xx_HAL_Driver/Src/stm32f4xx_hal_gpio.o
 .debug_rnglists
                0x0000022c      0x234 ./Drivers/STM32F4xx_HAL_Driver/Src/stm32f4xx_hal_i2c.o
 .debug_rnglists
                0x00000460       0x66 ./Drivers/STM32F4xx_HAL_Driver/Src/stm32f4xx_hal_rcc.o
 .debug_rnglists
                0x000004c6      0x2e5 ./Drivers/STM32F4xx_HAL_Driver/Src/stm32f4xx_hal_tim.o
 .debug_rnglists
                0x000007ab      0x10a ./Drivers/STM32F4xx_HAL_Driver/Src/stm32f4xx_hal_tim_ex.o
 .debug_rnglists
                0x000008b5      0x170 ./Drivers/STM32F4xx_HAL_Driver/Src/stm32f4xx_hal_uart.o
 .debug_rnglists
                0x00000a25       0x14 ./Src/gpio.o
 .debug_rnglists
                0x00000a39       0x20 ./Src/i2c.o
 .debug_rnglists
                0x00000a59       0xc5 ./Src/main.o
 .debug_rnglists
                0x00000b1e       0xb4 ./Src/ssd1306.o
 .debug_rnglists
                0x00000bd2       0x13 ./Src/stm32f4xx_hal_msp.o
 .debug_rnglists
                0x00000be5       0x49 ./Src/stm32f4xx_it.o
 .debug_rnglists
                0x00000c2e       0x1a ./Src/system_stm32f4xx.o
 .debug_rnglists
                0x00000c48       0x20 ./Src/tim.o
 .debug_rnglists
                0x00000c68       0x20 ./Src/usart.o
 .debug_rnglists
                0x00000c88       0x19 ./Startup/startup_stm32f411retx.o

.debug_macro    0x00000000    0x17471
 .debug_macro   0x00000000      0x247 ./Drivers/STM32F4xx_HAL_Driver/Src/stm32f4xx_hal.o
 .debug_macro   0x00000247      0xab4 ./Drivers/STM32F4xx_HAL_Driver/Src/stm32f4xx_hal.o
 .debug_macro   0x00000cfb      0x190 ./Drivers/STM32F4xx_HAL_Driver/Src/stm32f4xx_hal.o
 .debug_macro   0x00000e8b       0x32 ./Drivers/STM32F4xx_HAL_Driver/Src/stm32f4xx_hal.o
 .debug_macro   0x00000ebd       0x28 ./Drivers/STM32F4xx_HAL_Driver/Src/stm32f4xx_hal.o
 .debug_macro   0x00000ee5       0x22 ./Drivers/STM32F4xx_HAL_Driver/Src/stm32f4xx_hal.o
 .debug_macro   0x00000f07       0x8e ./Drivers/STM32F4xx_HAL_Driver/Src/stm32f4xx_hal.o
 .debug_macro   0x00000f95       0x51 ./Drivers/STM32F4xx_HAL_Driver/Src/stm32f4xx_hal.o
 .debug_macro   0x00000fe6      0x103 ./Drivers/STM32F4xx_HAL_Driver/Src/stm32f4xx_hal.o
 .debug_macro   0x000010e9       0x6a ./Drivers/STM32F4xx_HAL_Driver/Src/stm32f4xx_hal.o
 .debug_macro   0x00001153      0x1df ./Drivers/STM32F4xx_HAL_Driver/Src/stm32f4xx_hal.o
 .debug_macro   0x00001332       0x1c ./Drivers/STM32F4xx_HAL_Driver/Src/stm32f4xx_hal.o
 .debug_macro   0x0000134e       0x22 ./Drivers/STM32F4xx_HAL_Driver/Src/stm32f4xx_hal.o
 .debug_macro   0x00001370       0xd9 ./Drivers/STM32F4xx_HAL_Driver/Src/stm32f4xx_hal.o
 .debug_macro   0x00001449     0x102d ./Drivers/STM32F4xx_HAL_Driver/Src/stm32f4xx_hal.o
 .debug_macro   0x00002476      0x11f ./Drivers/STM32F4xx_HAL_Driver/Src/stm32f4xx_hal.o
 .debug_macro   0x00002595     0xb937 ./Drivers/STM32F4xx_HAL_Driver/Src/stm32f4xx_hal.o
 .debug_macro   0x0000decc       0x43 ./Drivers/STM32F4xx_HAL_Driver/Src/stm32f4xx_hal.o
 .debug_macro   0x0000df0f     0x3652 ./Drivers/STM32F4xx_HAL_Driver/Src/stm32f4xx_hal.o
 .debug_macro   0x00011561      0x189 ./Drivers/STM32F4xx_HAL_Driver/Src/stm32f4xx_hal.o
 .debug_macro   0x000116ea       0x5a ./Drivers/STM32F4xx_HAL_Driver/Src/stm32f4xx_hal.o
 .debug_macro   0x00011744      0x447 ./Drivers/STM32F4xx_HAL_Driver/Src/stm32f4xx_hal.o
 .debug_macro   0x00011b8b      0x9fe ./Drivers/STM32F4xx_HAL_Driver/Src/stm32f4xx_hal.o
 .debug_macro   0x00012589      0x15f ./Drivers/STM32F4xx_HAL_Driver/Src/stm32f4xx_hal.o
 .debug_macro   0x000126e8      0x117 ./Drivers/STM32F4xx_HAL_Driver/Src/stm32f4xx_hal.o
 .debug_macro   0x000127ff      0x11b ./Drivers/STM32F4xx_HAL_Driver/Src/stm32f4xx_hal.o
 .debug_macro   0x0001291a       0x27 ./Drivers/STM32F4xx_HAL_Driver/Src/stm32f4xx_hal.o
 .debug_macro   0x00012941      0x287 ./Drivers/STM32F4xx_HAL_Driver/Src/stm32f4xx_hal.o
 .debug_macro   0x00012bc8       0x5f ./Drivers/STM32F4xx_HAL_Driver/Src/stm32f4xx_hal.o
 .debug_macro   0x00012c27      0x236 ./Drivers/STM32F4xx_HAL_Driver/Src/stm32f4xx_hal.o
 .debug_macro   0x00012e5d      0x132 ./Drivers/STM32F4xx_HAL_Driver/Src/stm32f4xx_hal.o
 .debug_macro   0x00012f8f      0x264 ./Drivers/STM32F4xx_HAL_Driver/Src/stm32f4xx_hal.o
 .debug_macro   0x000131f3       0x2e ./Drivers/STM32F4xx_HAL_Driver/Src/stm32f4xx_hal.o
 .debug_macro   0x00013221      0x1b5 ./Drivers/STM32F4xx_HAL_Driver/Src/stm32f4xx_hal.o
 .debug_macro   0x000133d6       0x22 ./Drivers/STM32F4xx_HAL_Driver/Src/stm32f4xx_hal.o
 .debug_macro   0x000133f8       0xd6 ./Drivers/STM32F4xx_HAL_Driver/Src/stm32f4xx_hal.o
 .debug_macro   0x000134ce      0x11a ./Drivers/STM32F4xx_HAL_Driver/Src/stm32f4xx_hal.o
 .debug_macro   0x000135e8       0x85 ./Drivers/STM32F4xx_HAL_Driver/Src/stm32f4xx_hal.o
 .debug_macro   0x0001366d       0x89 ./Drivers/STM32F4xx_HAL_Driver/Src/stm32f4xx_hal.o
 .debug_macro   0x000136f6      0x8a0 ./Drivers/STM32F4xx_HAL_Driver/Src/stm32f4xx_hal.o
 .debug_macro   0x00013f96       0x47 ./Drivers/STM32F4xx_HAL_Driver/Src/stm32f4xx_hal.o
 .debug_macro   0x00013fdd      0x287 ./Drivers/STM32F4xx_HAL_Driver/Src/stm32f4xx_hal.o
 .debug_macro   0x00014264      0x126 ./Drivers/STM32F4xx_HAL_Driver/Src/stm32f4xx_hal.o
 .debug_macro   0x0001438a      0x1e7 ./Drivers/STM32F4xx_HAL_Driver/Src/stm32f4xx_hal_cortex.o
 .debug_macro   0x00014571      0x1ed ./Drivers/STM32F4xx_HAL_Driver/Src/stm32f4xx_hal_dma.o
 .debug_macro   0x0001475e      0x21d ./Drivers/STM32F4xx_HAL_Driver/Src/stm32f4xx_hal_gpio.o
 .debug_macro   0x0001497b      0x227 ./Drivers/STM32F4xx_HAL_Driver/Src/stm32f4xx_hal_i2c.o
 .debug_macro   0x00014ba2      0x20b ./Drivers/STM32F4xx_HAL_Driver/Src/stm32f4xx_hal_rcc.o
 .debug_macro   0x00014dad      0x1e8 ./Drivers/STM32F4xx_HAL_Driver/Src/stm32f4xx_hal_tim.o
 .debug_macro   0x00014f95      0x1e7 ./Drivers/STM32F4xx_HAL_Driver/Src/stm32f4xx_hal_tim_ex.o
 .debug_macro   0x0001517c      0x1e8 ./Drivers/STM32F4xx_HAL_Driver/Src/stm32f4xx_hal_uart.o
 .debug_macro   0x00015364      0x200 ./Src/gpio.o
 .debug_macro   0x00015564       0x4c ./Src/gpio.o
 .debug_macro   0x000155b0      0x200 ./Src/i2c.o
 .debug_macro   0x000157b0      0x2f5 ./Src/main.o
 .debug_macro   0x00015aa5       0x61 ./Src/main.o
 .debug_macro   0x00015b06       0x2a ./Src/main.o
 .debug_macro   0x00015b30       0x43 ./Src/main.o
 .debug_macro   0x00015b73       0x34 ./Src/main.o
 .debug_macro   0x00015ba7       0x46 ./Src/main.o
 .debug_macro   0x00015bed       0x4c ./Src/main.o
 .debug_macro   0x00015c39      0x312 ./Src/ssd1306.o
 .debug_macro   0x00015f4b       0x2c ./Src/ssd1306.o
 .debug_macro   0x00015f77       0x16 ./Src/ssd1306.o
 .debug_macro   0x00015f8d       0x43 ./Src/ssd1306.o
 .debug_macro   0x00015fd0       0x34 ./Src/ssd1306.o
 .debug_macro   0x00016004       0x10 ./Src/ssd1306.o
 .debug_macro   0x00016014       0x58 ./Src/ssd1306.o
 .debug_macro   0x0001606c       0x8e ./Src/ssd1306.o
 .debug_macro   0x000160fa       0x1c ./Src/ssd1306.o
 .debug_macro   0x00016116      0x177 ./Src/ssd1306.o
 .debug_macro   0x0001628d      0x369 ./Src/ssd1306.o
 .debug_macro   0x000165f6      0x19b ./Src/ssd1306.o
 .debug_macro   0x00016791       0x16 ./Src/ssd1306.o
 .debug_macro   0x000167a7       0x35 ./Src/ssd1306.o
 .debug_macro   0x000167dc       0x16 ./Src/ssd1306.o
 .debug_macro   0x000167f2       0x29 ./Src/ssd1306.o
 .debug_macro   0x0001681b       0x16 ./Src/ssd1306.o
 .debug_macro   0x00016831       0x20 ./Src/ssd1306.o
 .debug_macro   0x00016851      0x23d ./Src/ssd1306_fonts.o
 .debug_macro   0x00016a8e      0x1f6 ./Src/stm32f4xx_hal_msp.o
 .debug_macro   0x00016c84      0x200 ./Src/stm32f4xx_it.o
 .debug_macro   0x00016e84      0x1ed ./Src/system_stm32f4xx.o
 .debug_macro   0x00017071      0x200 ./Src/tim.o
 .debug_macro   0x00017271      0x200 ./Src/usart.o

.debug_line     0x00000000    0x12bd8
 .debug_line    0x00000000      0xa64 ./Drivers/STM32F4xx_HAL_Driver/Src/stm32f4xx_hal.o
 .debug_line    0x00000a64      0xd11 ./Drivers/STM32F4xx_HAL_Driver/Src/stm32f4xx_hal_cortex.o
 .debug_line    0x00001775      0xfdb ./Drivers/STM32F4xx_HAL_Driver/Src/stm32f4xx_hal_dma.o
 .debug_line    0x00002750      0xbc8 ./Drivers/STM32F4xx_HAL_Driver/Src/stm32f4xx_hal_gpio.o
 .debug_line    0x00003318     0x38ef ./Drivers/STM32F4xx_HAL_Driver/Src/stm32f4xx_hal_i2c.o
 .debug_line    0x00006c07      0xdbe ./Drivers/STM32F4xx_HAL_Driver/Src/stm32f4xx_hal_rcc.o
 .debug_line    0x000079c5     0x28b6 ./Drivers/STM32F4xx_HAL_Driver/Src/stm32f4xx_hal_tim.o
 .debug_line    0x0000a27b     0x1244 ./Drivers/STM32F4xx_HAL_Driver/Src/stm32f4xx_hal_tim_ex.o
 .debug_line    0x0000b4bf     0x188c ./Drivers/STM32F4xx_HAL_Driver/Src/stm32f4xx_hal_uart.o
 .debug_line    0x0000cd4b      0x79d ./Src/gpio.o
 .debug_line    0x0000d4e8      0x7d8 ./Src/i2c.o
 .debug_line    0x0000dcc0      0xd20 ./Src/main.o
 .debug_line    0x0000e9e0     0x11ac ./Src/ssd1306.o
 .debug_line    0x0000fb8c      0x869 ./Src/ssd1306_fonts.o
 .debug_line    0x000103f5      0x772 ./Src/stm32f4xx_hal_msp.o
 .debug_line    0x00010b67      0x846 ./Src/stm32f4xx_it.o
 .debug_line    0x000113ad      0x7fc ./Src/system_stm32f4xx.o
 .debug_line    0x00011ba9      0x7db ./Src/tim.o
 .debug_line    0x00012384      0x7dc ./Src/usart.o
 .debug_line    0x00012b60       0x78 ./Startup/startup_stm32f411retx.o

.debug_str      0x00000000    0x8f34f
 .debug_str     0x00000000    0x87396 ./Drivers/STM32F4xx_HAL_Driver/Src/stm32f4xx_hal.o
                              0x876fa (size before relaxing)
 .debug_str     0x00087396      0x3b2 ./Drivers/STM32F4xx_HAL_Driver/Src/stm32f4xx_hal_cortex.o
                              0x8741b (size before relaxing)
 .debug_str     0x00087748      0x532 ./Drivers/STM32F4xx_HAL_Driver/Src/stm32f4xx_hal_dma.o
                              0x870d6 (size before relaxing)
 .debug_str     0x00087c7a      0x28c ./Drivers/STM32F4xx_HAL_Driver/Src/stm32f4xx_hal_gpio.o
                              0x86ef6 (size before relaxing)
 .debug_str     0x00087f06      0xd29 ./Drivers/STM32F4xx_HAL_Driver/Src/stm32f4xx_hal_i2c.o
                              0x87c68 (size before relaxing)
 .debug_str     0x00088c2f      0x38b ./Drivers/STM32F4xx_HAL_Driver/Src/stm32f4xx_hal_rcc.o
                              0x87102 (size before relaxing)
 .debug_str     0x00088fba      0xf4c ./Drivers/STM32F4xx_HAL_Driver/Src/stm32f4xx_hal_tim.o
                              0x87e28 (size before relaxing)
 .debug_str     0x00089f06      0x4b7 ./Drivers/STM32F4xx_HAL_Driver/Src/stm32f4xx_hal_tim_ex.o
                              0x87671 (size before relaxing)
 .debug_str     0x0008a3bd      0x6c0 ./Drivers/STM32F4xx_HAL_Driver/Src/stm32f4xx_hal_uart.o
                              0x87568 (size before relaxing)
 .debug_str     0x0008aa7d      0x1af ./Src/gpio.o
                              0x86e62 (size before relaxing)
 .debug_str     0x0008ac2c       0x3b ./Src/i2c.o
                              0x873aa (size before relaxing)
 .debug_str     0x0008ac67      0xa42 ./Src/main.o
                              0x87e99 (size before relaxing)
 .debug_str     0x0008b6a9     0x3a7b ./Src/ssd1306.o
                              0x8b14d (size before relaxing)
 .debug_str     0x0008f124       0x71 ./Src/ssd1306_fonts.o
                              0x87137 (size before relaxing)
 .debug_str     0x0008f195       0x1b ./Src/stm32f4xx_hal_msp.o
                              0x86d99 (size before relaxing)
 .debug_str     0x0008f1b0       0xca ./Src/stm32f4xx_it.o
                              0x87170 (size before relaxing)
 .debug_str     0x0008f27a       0x5a ./Src/system_stm32f4xx.o
                              0x86cde (size before relaxing)
 .debug_str     0x0008f2d4       0x22 ./Src/tim.o
                              0x87336 (size before relaxing)
 .debug_str     0x0008f2f6       0x1a ./Src/usart.o
                              0x876ae (size before relaxing)
 .debug_str     0x0008f310       0x3f ./Startup/startup_stm32f411retx.o
                                 0x7f (size before relaxing)

.comment        0x00000000       0x43
 .comment       0x00000000       0x43 ./Drivers/STM32F4xx_HAL_Driver/Src/stm32f4xx_hal.o
                                 0x44 (size before relaxing)
 .comment       0x00000043       0x44 ./Drivers/STM32F4xx_HAL_Driver/Src/stm32f4xx_hal_cortex.o
 .comment       0x00000043       0x44 ./Drivers/STM32F4xx_HAL_Driver/Src/stm32f4xx_hal_dma.o
 .comment       0x00000043       0x44 ./Drivers/STM32F4xx_HAL_Driver/Src/stm32f4xx_hal_gpio.o
 .comment       0x00000043       0x44 ./Drivers/STM32F4xx_HAL_Driver/Src/stm32f4xx_hal_i2c.o
 .comment       0x00000043       0x44 ./Drivers/STM32F4xx_HAL_Driver/Src/stm32f4xx_hal_rcc.o
 .comment       0x00000043       0x44 ./Drivers/STM32F4xx_HAL_Driver/Src/stm32f4xx_hal_tim.o
 .comment       0x00000043       0x44 ./Drivers/STM32F4xx_HAL_Driver/Src/stm32f4xx_hal_tim_ex.o
 .comment       0x00000043       0x44 ./Drivers/STM32F4xx_HAL_Driver/Src/stm32f4xx_hal_uart.o
 .comment       0x00000043       0x44 ./Src/gpio.o
 .comment       0x00000043       0x44 ./Src/i2c.o
 .comment       0x00000043       0x44 ./Src/main.o
 .comment       0x00000043       0x44 ./Src/ssd1306.o
 .comment       0x00000043       0x44 ./Src/ssd1306_fonts.o
 .comment       0x00000043       0x44 ./Src/stm32f4xx_hal_msp.o
 .comment       0x00000043       0x44 ./Src/stm32f4xx_it.o
 .comment       0x00000043       0x44 ./Src/system_stm32f4xx.o
 .comment       0x00000043       0x44 ./Src/tim.o
 .comment       0x00000043       0x44 ./Src/usart.o

.debug_frame    0x00000000     0x44a0
 .debug_frame   0x00000000      0x374 ./Drivers/STM32F4xx_HAL_Driver/Src/stm32f4xx_hal.o
 .debug_frame   0x00000374      0x498 ./Drivers/STM32F4xx_HAL_Driver/Src/stm32f4xx_hal_cortex.o
 .debug_frame   0x0000080c      0x250 ./Drivers/STM32F4xx_HAL_Driver/Src/stm32f4xx_hal_dma.o
 .debug_frame   0x00000a5c      0x14c ./Drivers/STM32F4xx_HAL_Driver/Src/stm32f4xx_hal_gpio.o
 .debug_frame   0x00000ba8      0xc38 ./Drivers/STM32F4xx_HAL_Driver/Src/stm32f4xx_hal_i2c.o
 .debug_frame   0x000017e0      0x1f4 ./Drivers/STM32F4xx_HAL_Driver/Src/stm32f4xx_hal_rcc.o
 .debug_frame   0x000019d4     0x10e8 ./Drivers/STM32F4xx_HAL_Driver/Src/stm32f4xx_hal_tim.o
 .debug_frame   0x00002abc      0x5c0 ./Drivers/STM32F4xx_HAL_Driver/Src/stm32f4xx_hal_tim_ex.o
 .debug_frame   0x0000307c      0x844 ./Drivers/STM32F4xx_HAL_Driver/Src/stm32f4xx_hal_uart.o
 .debug_frame   0x000038c0       0x34 ./Src/gpio.o
 .debug_frame   0x000038f4       0x74 ./Src/i2c.o
 .debug_frame   0x00003968      0x3d8 ./Src/main.o
 .debug_frame   0x00003d40      0x3e4 ./Src/ssd1306.o
 .debug_frame   0x00004124       0x38 ./Src/stm32f4xx_hal_msp.o
 .debug_frame   0x0000415c      0x128 ./Src/stm32f4xx_it.o
 .debug_frame   0x00004284       0x58 ./Src/system_stm32f4xx.o
 .debug_frame   0x000042dc       0x84 ./Src/tim.o
 .debug_frame   0x00004360       0x74 ./Src/usart.o
 .debug_frame   0x000043d4       0x20 C:/ST/STM32CubeIDE_1.0.2/STM32CubeIDE/plugins/com.st.stm32cube.ide.mcu.externaltools.gnu-tools-for-stm32.12.3.rel1.win32_1.0.200.202406191623/tools/bin/../lib/gcc/arm-none-eabi/12.3.1/../../../../arm-none-eabi/lib/thumb/v7e-m+fp/hard\libc_nano.a(libc_a-memset.o)
 .debug_frame   0x000043f4       0x2c C:/ST/STM32CubeIDE_1.0.2/STM32CubeIDE/plugins/com.st.stm32cube.ide.mcu.externaltools.gnu-tools-for-stm32.12.3.rel1.win32_1.0.200.202406191623/tools/bin/../lib/gcc/arm-none-eabi/12.3.1/../../../../arm-none-eabi/lib/thumb/v7e-m+fp/hard\libc_nano.a(libc_a-init.o)
 .debug_frame   0x00004420       0x20 C:/ST/STM32CubeIDE_1.0.2/STM32CubeIDE/plugins/com.st.stm32cube.ide.mcu.externaltools.gnu-tools-for-stm32.12.3.rel1.win32_1.0.200.202406191623/tools/bin/../lib/gcc/arm-none-eabi/12.3.1/../../../../arm-none-eabi/lib/thumb/v7e-m+fp/hard\libc_nano.a(libc_a-strcmp.o)
 .debug_frame   0x00004440       0x2c C:/ST/STM32CubeIDE_1.0.2/STM32CubeIDE/plugins/com.st.stm32cube.ide.mcu.externaltools.gnu-tools-for-stm32.12.3.rel1.win32_1.0.200.202406191623/tools/bin/../lib/gcc/arm-none-eabi/12.3.1/thumb/v7e-m+fp/hard\libgcc.a(_aeabi_uldivmod.o)
 .debug_frame   0x0000446c       0x34 C:/ST/STM32CubeIDE_1.0.2/STM32CubeIDE/plugins/com.st.stm32cube.ide.mcu.externaltools.gnu-tools-for-stm32.12.3.rel1.win32_1.0.200.202406191623/tools/bin/../lib/gcc/arm-none-eabi/12.3.1/thumb/v7e-m+fp/hard\libgcc.a(_udivmoddi4.o)

.debug_line_str
                0x00000000       0x63
 .debug_line_str
                0x00000000       0x63 ./Startup/startup_stm32f411retx.o
